// Vitest Snapshot v1, https://vitest.dev/guide/snapshot.html

exports[`App component > renders monkeys 1`] = `
<div>
  <button
    type="button"
  >
    click me
  </button>
  <h1>
    magnificent monkeys
  </h1>
</div>
`;
